[sites.google.com/view/yimaia/landing-page.html]
[sites.google.com/view/yimaia/a/arbeitene486.html]
[sites.google.com/view/yimaia/a/be486.html]
[sites.google.com/view/yimaia/über-miche486.html]
[backblue.gif]
[fade.gif]
[index.html]
[sites.google.com/index.html]
[sites.google.com/view/yimaia/anfrage.html]
[sites.google.com/new/index.html]
[sites.google.com/new/index7558.html]
[sites.google.com/view/yimaia/a/arbeiten.html]
[sites.google.com/view/yimaia/a/b.html]
[sites.google.com/view/yimaia/über-mich.html]
[sites.google.com/view/yimaia/landing-page.html]
[sites.google.com/view/yimaia/warenkorb.html]
[sites.google.com/view/yimaia/a/arbeitene486.html]
[sites.google.com/view/yimaia/a/arbeitenfd93.html]
[sites.google.com/view/yimaia/a/be486.html]
[sites.google.com/view/yimaia/a/bfd93.html]
[sites.google.com/view/yimaia/über-miche486.html]
[sites.google.com/index.html]
[sites.google.com/new/index.html]
[sites.google.com/new/index7558.html]
[sites.google.com/view/yimaia/über-michfd93.html]
[sites.google.com/view/yimaia/_https_/app.ecwid.com/script.c52f3.delayed]
[sites.google.com/view/yimaia/_https_/app.ecwid.com/script.d4f27.delayed]
[sites.google.com/view/yimaia/anfrage.html]
[sites.google.com/view/yimaia/a/arbeiten.html]
[sites.google.com/view/yimaia/a/b.html]
[sites.google.com/view/yimaia/über-mich.html]
[sites.google.com/view/yimaia/warenkorb.html]
[sites.google.com/view/yimaia/a/arbeitenfd93.html]
[sites.google.com/view/yimaia/a/bfd93.html]
[sites.google.com/view/yimaia/über-michfd93.html]
[sites.google.com/view/yimaia/_https_/app.ecwid.com/script52f3.html]
[sites.google.com/view/yimaia/_https_/app.ecwid.com/script4f27.html]
